Checking that no-one is using this disk right now ... OK

Disk /dev/sda: 8 GiB, 8589934592 bytes, 16777216 sectors
Disk model: VBOX HARDDISK   
Units: sectors of 1 * 512 = 512 bytes
Sector size (logical/physical): 512 bytes / 512 bytes
I/O size (minimum/optimal): 512 bytes / 512 bytes
Disklabel type: dos
Disk identifier: 0x67067670

Old situation:

Device     Boot   Start      End  Sectors  Size Id Type
/dev/sda1  *        512  1049087  1048576  512M 83 Linux
/dev/sda2       1050624  3147775  2097152    1G 82 Linux swap / Solaris
/dev/sda3       3147776 16777215 13629440  6.5G 83 Linux

>>> Created a new DOS disklabel with disk identifier 0x99d8ce98.
/dev/sda1: Created a new partition 1 of type 'Linux' and of size 512 MiB.
/dev/sda2: Created a new partition 2 of type 'Linux swap / Solaris' and of size 1 GiB.
/dev/sda3: Created a new partition 3 of type 'Linux' and of size 6.5 GiB.
/dev/sda4: Done.

New situation:
Disklabel type: dos
Disk identifier: 0x99d8ce98

Device     Boot   Start      End  Sectors  Size Id Type
/dev/sda1  *        512  1049087  1048576  512M 83 Linux
/dev/sda2       1050624  3147775  2097152    1G 82 Linux swap / Solaris
/dev/sda3       3147776 16777215 13629440  6.5G 83 Linux

The partition table has been altered.
Calling ioctl() to re-read partition table.
Syncing disks.
